============================= test session starts =============================
platform win32 -- Python 3.13.7, pytest-9.0.2, pluggy-1.6.0
rootdir: C:\Users\russe\iowacenterhubspoke
collected 0 items / 1 error

=================================== ERRORS ====================================
_________ ERROR collecting backend/tests/test_recurrence_features.py __________
backend\tests\test_recurrence_features.py:15: in <module>
    TEST_PASSWORD = os.environ['TEST_PASSWORD']
                    ^^^^^^^^^^^^^^^^^^^^^^^^^^^
<frozen os>:717: in __getitem__
    ???
E   KeyError: 'TEST_PASSWORD'
=========================== short test summary info ===========================
ERROR backend/tests/test_recurrence_features.py - KeyError: 'TEST_PASSWORD'
!!!!!!!!!!!!!!!!!!! Interrupted: 1 error during collection !!!!!!!!!!!!!!!!!!!!
============================== 1 error in 0.18s ===============================
